Copyright 1986-2022 Xilinx, Inc. All Rights Reserved. Copyright 2022-2023 Advanced Micro Devices, Inc. All Rights Reserved.
---------------------------------------------------------------------------------------------------------------------------------------------
| Tool Version : Vivado v.2023.2 (win64) Build 4029153 Fri Oct 13 20:14:34 MDT 2023
| Date         : Fri Sep 25 18:04:25 2026
| Host         : KroixLaptop running 64-bit major release  (build 9200)
| Command      : report_timing_summary -file C:/Users/Symok/Documents/hardware-projects/rv32i_sv_core/reports/post_route_timing.rpt
| Design       : arty_a7_100t_top
| Device       : 7a100t-csg324
| Speed File   : -1  PRODUCTION 1.23 2018-06-13
| Design State : Routed
---------------------------------------------------------------------------------------------------------------------------------------------

Timing Summary Report

------------------------------------------------------------------------------------------------
| Timer Settings
| --------------
------------------------------------------------------------------------------------------------

  Enable Multi Corner Analysis               :  Yes
  Enable Pessimism Removal                   :  Yes
  Pessimism Removal Resolution               :  Nearest Common Node
  Enable Input Delay Default Clock           :  No
  Enable Preset / Clear Arcs                 :  No
  Disable Flight Delays                      :  No
  Ignore I/O Paths                           :  No
  Timing Early Launch at Borrowing Latches   :  No
  Borrow Time for Max Delay Exceptions       :  Yes
  Merge Timing Exceptions                    :  Yes
  Inter-SLR Compensation                     :  Conservative

  Corner  Analyze    Analyze    
  Name    Max Paths  Min Paths  
  ------  ---------  ---------  
  Slow    Yes        Yes        
  Fast    Yes        Yes        


------------------------------------------------------------------------------------------------
| Report Methodology
| ------------------
------------------------------------------------------------------------------------------------

Rule       Severity  Description                    Violations  
---------  --------  -----------------------------  ----------  
TIMING-18  Warning   Missing input or output delay  5           

Note: This report is based on the most recent report_methodology run and may not be up-to-date. Run report_methodology on the current design for the latest report.



check_timing report

Table of Contents
-----------------
1. checking no_clock (0)
2. checking constant_clock (0)
3. checking pulse_width_clock (0)
4. checking unconstrained_internal_endpoints (0)
5. checking no_input_delay (1)
6. checking no_output_delay (4)
7. checking multiple_clock (0)
8. checking generated_clocks (0)
9. checking loops (0)
10. checking partial_input_delay (0)
11. checking partial_output_delay (0)
12. checking latch_loops (0)

1. checking no_clock (0)
------------------------
 There are 0 register/latch pins with no clock.


2. checking constant_clock (0)
------------------------------
 There are 0 register/latch pins with constant_clock.


3. checking pulse_width_clock (0)
---------------------------------
 There are 0 register/latch pins which need pulse_width check


4. checking unconstrained_internal_endpoints (0)
------------------------------------------------
 There are 0 pins that are not constrained for maximum delay.

 There are 0 pins that are not constrained for maximum delay due to constant clock.


5. checking no_input_delay (1)
------------------------------
 There is 1 input port with no input delay specified. (HIGH)

 There are 0 input ports with no input delay but user has a false path constraint.


6. checking no_output_delay (4)
-------------------------------
 There are 4 ports with no output delay specified. (HIGH)

 There are 0 ports with no output delay but user has a false path constraint

 There are 0 ports with no output delay but with a timing clock defined on it or propagating through it


7. checking multiple_clock (0)
------------------------------
 There are 0 register/latch pins with multiple clocks.


8. checking generated_clocks (0)
--------------------------------
 There are 0 generated clocks that are not connected to a clock source.


9. checking loops (0)
---------------------
 There are 0 combinational loops in the design.


10. checking partial_input_delay (0)
------------------------------------
 There are 0 input ports with partial input delay specified.


11. checking partial_output_delay (0)
-------------------------------------
 There are 0 ports with partial output delay specified.


12. checking latch_loops (0)
----------------------------
 There are 0 combinational latch loops in the design through latch input



------------------------------------------------------------------------------------------------
| Design Timing Summary
| ---------------------
------------------------------------------------------------------------------------------------

    WNS(ns)      TNS(ns)  TNS Failing Endpoints  TNS Total Endpoints      WHS(ns)      THS(ns)  THS Failing Endpoints  THS Total Endpoints     WPWS(ns)     TPWS(ns)  TPWS Failing Endpoints  TPWS Total Endpoints  
    -------      -------  ---------------------  -------------------      -------      -------  ---------------------  -------------------     --------     --------  ----------------------  --------------------  
      0.681        0.000                      0                 4708        0.155        0.000                      0                 4708        4.500        0.000                       0                  1569  


All user specified timing constraints are met.


------------------------------------------------------------------------------------------------
| Clock Summary
| -------------
------------------------------------------------------------------------------------------------

Clock        Waveform(ns)       Period(ns)      Frequency(MHz)
-----        ------------       ----------      --------------
sys_clk_pin  {0.000 5.000}      10.000          100.000         


------------------------------------------------------------------------------------------------
| Intra Clock Table
| -----------------
------------------------------------------------------------------------------------------------

Clock             WNS(ns)      TNS(ns)  TNS Failing Endpoints  TNS Total Endpoints      WHS(ns)      THS(ns)  THS Failing Endpoints  THS Total Endpoints     WPWS(ns)     TPWS(ns)  TPWS Failing Endpoints  TPWS Total Endpoints  
-----             -------      -------  ---------------------  -------------------      -------      -------  ---------------------  -------------------     --------     --------  ----------------------  --------------------  
sys_clk_pin         0.681        0.000                      0                 3216        0.155        0.000                      0                 3216        4.500        0.000                       0                  1569  


------------------------------------------------------------------------------------------------
| Inter Clock Table
| -----------------
------------------------------------------------------------------------------------------------

From Clock    To Clock          WNS(ns)      TNS(ns)  TNS Failing Endpoints  TNS Total Endpoints      WHS(ns)      THS(ns)  THS Failing Endpoints  THS Total Endpoints  
----------    --------          -------      -------  ---------------------  -------------------      -------      -------  ---------------------  -------------------  


------------------------------------------------------------------------------------------------
| Other Path Groups Table
| -----------------------
------------------------------------------------------------------------------------------------

Path Group         From Clock         To Clock               WNS(ns)      TNS(ns)  TNS Failing Endpoints  TNS Total Endpoints      WHS(ns)      THS(ns)  THS Failing Endpoints  THS Total Endpoints  
----------         ----------         --------               -------      -------  ---------------------  -------------------      -------      -------  ---------------------  -------------------  
**async_default**  sys_clk_pin        sys_clk_pin              3.149        0.000                      0                 1492        0.661        0.000                      0                 1492  


------------------------------------------------------------------------------------------------
| Timing Details
| --------------
------------------------------------------------------------------------------------------------


---------------------------------------------------------------------------------------------------
From Clock:  sys_clk_pin
  To Clock:  sys_clk_pin

Setup :            0  Failing Endpoints,  Worst Slack        0.681ns,  Total Violation        0.000ns
Hold  :            0  Failing Endpoints,  Worst Slack        0.155ns,  Total Violation        0.000ns
PW    :            0  Failing Endpoints,  Worst Slack        4.500ns,  Total Violation        0.000ns
---------------------------------------------------------------------------------------------------


Max Delay Paths
--------------------------------------------------------------------------------------
Slack (MET) :             0.681ns  (required time - arrival time)
  Source:                 u_soc/u_core/id_q_reg[imm][4]/C
                            (rising edge-triggered cell FDCE clocked by sys_clk_pin  {rise@0.000ns fall@5.000ns period=10.000ns})
  Destination:            u_soc/u_core/ex_q_reg[addr][11]/CE
                            (rising edge-triggered cell FDCE clocked by sys_clk_pin  {rise@0.000ns fall@5.000ns period=10.000ns})
  Path Group:             sys_clk_pin
  Path Type:              Setup (Max at Slow Process Corner)
  Requirement:            10.000ns  (sys_clk_pin rise@10.000ns - sys_clk_pin rise@0.000ns)
  Data Path Delay:        9.037ns  (logic 2.170ns (24.013%)  route 6.867ns (75.987%))
  Logic Levels:           10  (CARRY4=4 LUT3=1 LUT6=5)
  Clock Path Skew:        -0.042ns (DCD - SCD + CPR)
    Destination Clock Delay (DCD):    4.925ns = ( 14.925 - 10.000 ) 
    Source Clock Delay      (SCD):    5.226ns
    Clock Pessimism Removal (CPR):    0.259ns
  Clock Uncertainty:      0.035ns  ((TSJ^2 + TIJ^2)^1/2 + DJ) / 2 + PE
    Total System Jitter     (TSJ):    0.071ns
    Total Input Jitter      (TIJ):    0.000ns
    Discrete Jitter          (DJ):    0.000ns
    Phase Error              (PE):    0.000ns

    Location             Delay type                Incr(ns)  Path(ns)    Netlist Resource(s)
  -------------------------------------------------------------------    -------------------
                         (clock sys_clk_pin rise edge)
                                                      0.000     0.000 r  
    E3                                                0.000     0.000 r  CLK100MHZ (IN)
                         net (fo=0)                   0.000     0.000    CLK100MHZ
    E3                   IBUF (Prop_ibuf_I_O)         1.482     1.482 r  CLK100MHZ_IBUF_inst/O
                         net (fo=1, routed)           2.025     3.506    CLK100MHZ_IBUF
    BUFGCTRL_X0Y16       BUFG (Prop_bufg_I_O)         0.096     3.602 r  CLK100MHZ_IBUF_BUFG_inst/O
                         net (fo=1568, routed)        1.623     5.226    u_soc/u_core/CLK100MHZ_IBUF_BUFG
    SLICE_X32Y73         FDCE                                         r  u_soc/u_core/id_q_reg[imm][4]/C
  -------------------------------------------------------------------    -------------------
    SLICE_X32Y73         FDCE (Prop_fdce_C_Q)         0.456     5.682 r  u_soc/u_core/id_q_reg[imm][4]/Q
                         net (fo=19, routed)          1.232     6.914    u_soc/u_core/u_alu/p_2_out_carry__5_1[4]
    SLICE_X49Y69         LUT3 (Prop_lut3_I0_O)        0.152     7.066 r  u_soc/u_core/u_alu/ex_q[addr][4]_i_2/O
                         net (fo=88, routed)          1.021     8.087    u_soc/u_core/u_alu/id_q_reg[imm][4][2]
    SLICE_X42Y69         LUT6 (Prop_lut6_I0_O)        0.326     8.413 r  u_soc/u_core/u_alu/i__carry_i_2__0/O
                         net (fo=2, routed)           0.492     8.905    u_soc/u_core/u_alu/i__carry_i_2__0_n_0
    SLICE_X41Y70         CARRY4 (Prop_carry4_DI[2]_CO[3])
                                                      0.398     9.303 r  u_soc/u_core/u_alu/result_o0_inferred__0/i__carry/CO[3]
                         net (fo=1, routed)           0.000     9.303    u_soc/u_core/u_alu/result_o0_inferred__0/i__carry_n_0
    SLICE_X41Y71         CARRY4 (Prop_carry4_CI_CO[3])
                                                      0.114     9.417 r  u_soc/u_core/u_alu/result_o0_inferred__0/i__carry__0/CO[3]
                         net (fo=1, routed)           0.000     9.417    u_soc/u_core/u_alu/result_o0_inferred__0/i__carry__0_n_0
    SLICE_X41Y72         CARRY4 (Prop_carry4_CI_CO[3])
                                                      0.114     9.531 r  u_soc/u_core/u_alu/result_o0_inferred__0/i__carry__1/CO[3]
                         net (fo=1, routed)           0.000     9.531    u_soc/u_core/u_alu/result_o0_inferred__0/i__carry__1_n_0
    SLICE_X41Y73         CARRY4 (Prop_carry4_CI_CO[3])
                                                      0.114     9.645 f  u_soc/u_core/u_alu/result_o0_inferred__0/i__carry__2/CO[3]
                         net (fo=1, routed)           0.895    10.539    u_soc/u_core/u_alu/data2
    SLICE_X41Y68         LUT6 (Prop_lut6_I4_O)        0.124    10.663 f  u_soc/u_core/u_alu/ex_q[addr][0]_i_7/O
                         net (fo=2, routed)           0.677    11.340    u_soc/u_core/u_alu/ex_q[addr][0]_i_7_n_0
    SLICE_X42Y68         LUT6 (Prop_lut6_I5_O)        0.124    11.464 f  u_soc/u_core/u_alu/ex_q[addr][0]_i_2/O
                         net (fo=8, routed)           0.796    12.260    u_soc/u_core/u_alu/alu_result[0]
    SLICE_X33Y71         LUT6 (Prop_lut6_I2_O)        0.124    12.384 f  u_soc/u_core/u_alu/ex_q[instruction][6]_i_4/O
                         net (fo=3, routed)           0.615    12.999    u_soc/u_core/u_alu/ex_q[instruction][6]_i_4_n_0
    SLICE_X33Y75         LUT6 (Prop_lut6_I5_O)        0.124    13.123 r  u_soc/u_core/u_alu/ex_q[instruction][6]_i_1/O
                         net (fo=118, routed)         1.139    14.263    u_soc/u_core/u_alu_n_0
    SLICE_X47Y69         FDCE                                         r  u_soc/u_core/ex_q_reg[addr][11]/CE
  -------------------------------------------------------------------    -------------------

                         (clock sys_clk_pin rise edge)
                                                     10.000    10.000 r  
    E3                                                0.000    10.000 r  CLK100MHZ (IN)
                         net (fo=0)                   0.000    10.000    CLK100MHZ
    E3                   IBUF (Prop_ibuf_I_O)         1.411    11.411 r  CLK100MHZ_IBUF_inst/O
                         net (fo=1, routed)           1.920    13.331    CLK100MHZ_IBUF
    BUFGCTRL_X0Y16       BUFG (Prop_bufg_I_O)         0.091    13.422 r  CLK100MHZ_IBUF_BUFG_inst/O
                         net (fo=1568, routed)        1.502    14.925    u_soc/u_core/CLK100MHZ_IBUF_BUFG
    SLICE_X47Y69         FDCE                                         r  u_soc/u_core/ex_q_reg[addr][11]/C
                         clock pessimism              0.259    15.184    
                         clock uncertainty           -0.035    15.148    
    SLICE_X47Y69         FDCE (Setup_fdce_C_CE)      -0.205    14.943    u_soc/u_core/ex_q_reg[addr][11]
  -------------------------------------------------------------------
                         required time                         14.943    
                         arrival time                         -14.263    
  -------------------------------------------------------------------
                         slack                                  0.681    





Min Delay Paths
--------------------------------------------------------------------------------------
Slack (MET) :             0.155ns  (arrival time - required time)
  Source:                 u_soc/u_core/if_pc_q_reg[10]/C
                            (rising edge-triggered cell FDCE clocked by sys_clk_pin  {rise@0.000ns fall@5.000ns period=10.000ns})
  Destination:            u_soc/u_core/id_q_reg[pc][10]/D
                            (rising edge-triggered cell FDCE clocked by sys_clk_pin  {rise@0.000ns fall@5.000ns period=10.000ns})
  Path Group:             sys_clk_pin
  Path Type:              Hold (Min at Fast Process Corner)
  Requirement:            0.000ns  (sys_clk_pin rise@0.000ns - sys_clk_pin rise@0.000ns)
  Data Path Delay:        0.259ns  (logic 0.141ns (54.388%)  route 0.118ns (45.612%))
  Logic Levels:           0  
  Clock Path Skew:        0.034ns (DCD - SCD - CPR)
    Destination Clock Delay (DCD):    1.996ns
    Source Clock Delay      (SCD):    1.482ns
    Clock Pessimism Removal (CPR):    0.479ns

    Location             Delay type                Incr(ns)  Path(ns)    Netlist Resource(s)
  -------------------------------------------------------------------    -------------------
                         (clock sys_clk_pin rise edge)
                                                      0.000     0.000 r  
    E3                                                0.000     0.000 r  CLK100MHZ (IN)
                         net (fo=0)                   0.000     0.000    CLK100MHZ
    E3                   IBUF (Prop_ibuf_I_O)         0.250     0.250 r  CLK100MHZ_IBUF_inst/O
                         net (fo=1, routed)           0.644     0.894    CLK100MHZ_IBUF
    BUFGCTRL_X0Y16       BUFG (Prop_bufg_I_O)         0.026     0.920 r  CLK100MHZ_IBUF_BUFG_inst/O
                         net (fo=1568, routed)        0.563     1.482    u_soc/u_core/CLK100MHZ_IBUF_BUFG
    SLICE_X35Y68         FDCE                                         r  u_soc/u_core/if_pc_q_reg[10]/C
  -------------------------------------------------------------------    -------------------
    SLICE_X35Y68         FDCE (Prop_fdce_C_Q)         0.141     1.623 r  u_soc/u_core/if_pc_q_reg[10]/Q
                         net (fo=1, routed)           0.118     1.742    u_soc/u_core/if_pc_q_reg_n_0_[10]
    SLICE_X39Y68         FDCE                                         r  u_soc/u_core/id_q_reg[pc][10]/D
  -------------------------------------------------------------------    -------------------

                         (clock sys_clk_pin rise edge)
                                                      0.000     0.000 r  
    E3                                                0.000     0.000 r  CLK100MHZ (IN)
                         net (fo=0)                   0.000     0.000    CLK100MHZ
    E3                   IBUF (Prop_ibuf_I_O)         0.438     0.438 r  CLK100MHZ_IBUF_inst/O
                         net (fo=1, routed)           0.699     1.136    CLK100MHZ_IBUF
    BUFGCTRL_X0Y16       BUFG (Prop_bufg_I_O)         0.029     1.165 r  CLK100MHZ_IBUF_BUFG_inst/O
                         net (fo=1568, routed)        0.831     1.996    u_soc/u_core/CLK100MHZ_IBUF_BUFG
    SLICE_X39Y68         FDCE                                         r  u_soc/u_core/id_q_reg[pc][10]/C
                         clock pessimism             -0.479     1.516    
    SLICE_X39Y68         FDCE (Hold_fdce_C_D)         0.070     1.586    u_soc/u_core/id_q_reg[pc][10]
  -------------------------------------------------------------------
                         required time                         -1.586    
                         arrival time                           1.742    
  -------------------------------------------------------------------
                         slack                                  0.155    





Pulse Width Checks
--------------------------------------------------------------------------------------
Clock Name:         sys_clk_pin
Waveform(ns):       { 0.000 5.000 }
Period(ns):         10.000
Sources:            { CLK100MHZ }

Check Type        Corner  Lib Pin             Reference Pin  Required(ns)  Actual(ns)  Slack(ns)  Location      Pin
Min Period        n/a     RAMB36E1/CLKARDCLK  n/a            2.944         10.000      7.056      RAMB36_X0Y14  u_soc/memory_reg_0/CLKARDCLK
Low Pulse Width   Slow    FDCE/C              n/a            0.500         5.000       4.500      SLICE_X28Y56  heartbeat_q_reg[0]/C
High Pulse Width  Slow    FDCE/C              n/a            0.500         5.000       4.500      SLICE_X28Y56  heartbeat_q_reg[0]/C



---------------------------------------------------------------------------------------------------
Path Group:  **async_default**
From Clock:  sys_clk_pin
  To Clock:  sys_clk_pin

Setup :            0  Failing Endpoints,  Worst Slack        3.149ns,  Total Violation        0.000ns
Hold  :            0  Failing Endpoints,  Worst Slack        0.661ns,  Total Violation        0.000ns
---------------------------------------------------------------------------------------------------


Max Delay Paths
--------------------------------------------------------------------------------------
Slack (MET) :             3.149ns  (required time - arrival time)
  Source:                 reset_sync_q_reg[1]/C
                            (rising edge-triggered cell FDCE clocked by sys_clk_pin  {rise@0.000ns fall@5.000ns period=10.000ns})
  Destination:            u_soc/u_core/u_regfile/registers_reg[3][10]/CLR
                            (recovery check against rising-edge clock sys_clk_pin  {rise@0.000ns fall@5.000ns period=10.000ns})
  Path Group:             **async_default**
  Path Type:              Recovery (Max at Slow Process Corner)
  Requirement:            10.000ns  (sys_clk_pin rise@10.000ns - sys_clk_pin rise@0.000ns)
  Data Path Delay:        6.371ns  (logic 0.580ns (9.103%)  route 5.791ns (90.897%))
  Logic Levels:           1  (LUT1=1)
  Clock Path Skew:        -0.039ns (DCD - SCD + CPR)
    Destination Clock Delay (DCD):    4.931ns = ( 14.931 - 10.000 ) 
    Source Clock Delay      (SCD):    5.229ns
    Clock Pessimism Removal (CPR):    0.259ns
  Clock Uncertainty:      0.035ns  ((TSJ^2 + TIJ^2)^1/2 + DJ) / 2 + PE
    Total System Jitter     (TSJ):    0.071ns
    Total Input Jitter      (TIJ):    0.000ns
    Discrete Jitter          (DJ):    0.000ns
    Phase Error              (PE):    0.000ns

    Location             Delay type                Incr(ns)  Path(ns)    Netlist Resource(s)
  -------------------------------------------------------------------    -------------------
                         (clock sys_clk_pin rise edge)
                                                      0.000     0.000 r  
    E3                                                0.000     0.000 r  CLK100MHZ (IN)
                         net (fo=0)                   0.000     0.000    CLK100MHZ
    E3                   IBUF (Prop_ibuf_I_O)         1.482     1.482 r  CLK100MHZ_IBUF_inst/O
                         net (fo=1, routed)           2.025     3.506    CLK100MHZ_IBUF
    BUFGCTRL_X0Y16       BUFG (Prop_bufg_I_O)         0.096     3.602 r  CLK100MHZ_IBUF_BUFG_inst/O
                         net (fo=1568, routed)        1.626     5.229    CLK100MHZ_IBUF_BUFG
    SLICE_X44Y82         FDCE                                         r  reset_sync_q_reg[1]/C
  -------------------------------------------------------------------    -------------------
    SLICE_X44Y82         FDCE (Prop_fdce_C_Q)         0.456     5.685 r  reset_sync_q_reg[1]/Q
                         net (fo=3, routed)           0.671     6.356    u_soc/u_core/u_regfile/registers_reg[31][0]_0[0]
    SLICE_X44Y82         LUT1 (Prop_lut1_I0_O)        0.124     6.480 f  u_soc/u_core/u_regfile/registers[1][31]_i_2/O
                         net (fo=1492, routed)        5.120    11.600    u_soc/u_core/u_regfile/reset_sync_q_reg[1]
    SLICE_X44Y66         FDCE                                         f  u_soc/u_core/u_regfile/registers_reg[3][10]/CLR
  -------------------------------------------------------------------    -------------------

                         (clock sys_clk_pin rise edge)
                                                     10.000    10.000 r  
    E3                                                0.000    10.000 r  CLK100MHZ (IN)
                         net (fo=0)                   0.000    10.000    CLK100MHZ
    E3                   IBUF (Prop_ibuf_I_O)         1.411    11.411 r  CLK100MHZ_IBUF_inst/O
                         net (fo=1, routed)           1.920    13.331    CLK100MHZ_IBUF
    BUFGCTRL_X0Y16       BUFG (Prop_bufg_I_O)         0.091    13.422 r  CLK100MHZ_IBUF_BUFG_inst/O
                         net (fo=1568, routed)        1.508    14.931    u_soc/u_core/u_regfile/CLK100MHZ_IBUF_BUFG
    SLICE_X44Y66         FDCE                                         r  u_soc/u_core/u_regfile/registers_reg[3][10]/C
                         clock pessimism              0.259    15.190    
                         clock uncertainty           -0.035    15.154    
    SLICE_X44Y66         FDCE (Recov_fdce_C_CLR)     -0.405    14.749    u_soc/u_core/u_regfile/registers_reg[3][10]
  -------------------------------------------------------------------
                         required time                         14.749    
                         arrival time                         -11.600    
  -------------------------------------------------------------------
                         slack                                  3.149    





Min Delay Paths
--------------------------------------------------------------------------------------
Slack (MET) :             0.661ns  (arrival time - required time)
  Source:                 reset_sync_q_reg[1]/C
                            (rising edge-triggered cell FDCE clocked by sys_clk_pin  {rise@0.000ns fall@5.000ns period=10.000ns})
  Destination:            u_soc/u_core/u_regfile/registers_reg[7][1]/CLR
                            (removal check against rising-edge clock sys_clk_pin  {rise@0.000ns fall@5.000ns period=10.000ns})
  Path Group:             **async_default**
  Path Type:              Removal (Min at Fast Process Corner)
  Requirement:            0.000ns  (sys_clk_pin rise@0.000ns - sys_clk_pin rise@0.000ns)
  Data Path Delay:        0.855ns  (logic 0.186ns (21.765%)  route 0.669ns (78.235%))
  Logic Levels:           1  (LUT1=1)
  Clock Path Skew:        0.261ns (DCD - SCD - CPR)
    Destination Clock Delay (DCD):    1.993ns
    Source Clock Delay      (SCD):    1.481ns
    Clock Pessimism Removal (CPR):    0.250ns

    Location             Delay type                Incr(ns)  Path(ns)    Netlist Resource(s)
  -------------------------------------------------------------------    -------------------
                         (clock sys_clk_pin rise edge)
                                                      0.000     0.000 r  
    E3                                                0.000     0.000 r  CLK100MHZ (IN)
                         net (fo=0)                   0.000     0.000    CLK100MHZ
    E3                   IBUF (Prop_ibuf_I_O)         0.250     0.250 r  CLK100MHZ_IBUF_inst/O
                         net (fo=1, routed)           0.644     0.894    CLK100MHZ_IBUF
    BUFGCTRL_X0Y16       BUFG (Prop_bufg_I_O)         0.026     0.920 r  CLK100MHZ_IBUF_BUFG_inst/O
                         net (fo=1568, routed)        0.562     1.481    CLK100MHZ_IBUF_BUFG
    SLICE_X44Y82         FDCE                                         r  reset_sync_q_reg[1]/C
  -------------------------------------------------------------------    -------------------
    SLICE_X44Y82         FDCE (Prop_fdce_C_Q)         0.141     1.622 r  reset_sync_q_reg[1]/Q
                         net (fo=3, routed)           0.234     1.857    u_soc/u_core/u_regfile/registers_reg[31][0]_0[0]
    SLICE_X44Y82         LUT1 (Prop_lut1_I0_O)        0.045     1.902 f  u_soc/u_core/u_regfile/registers[1][31]_i_2/O
                         net (fo=1492, routed)        0.434     2.336    u_soc/u_core/u_regfile/reset_sync_q_reg[1]
    SLICE_X58Y81         FDCE                                         f  u_soc/u_core/u_regfile/registers_reg[7][1]/CLR
  -------------------------------------------------------------------    -------------------

                         (clock sys_clk_pin rise edge)
                                                      0.000     0.000 r  
    E3                                                0.000     0.000 r  CLK100MHZ (IN)
                         net (fo=0)                   0.000     0.000    CLK100MHZ
    E3                   IBUF (Prop_ibuf_I_O)         0.438     0.438 r  CLK100MHZ_IBUF_inst/O
                         net (fo=1, routed)           0.699     1.136    CLK100MHZ_IBUF
    BUFGCTRL_X0Y16       BUFG (Prop_bufg_I_O)         0.029     1.165 r  CLK100MHZ_IBUF_BUFG_inst/O
                         net (fo=1568, routed)        0.828     1.993    u_soc/u_core/u_regfile/CLK100MHZ_IBUF_BUFG
    SLICE_X58Y81         FDCE                                         r  u_soc/u_core/u_regfile/registers_reg[7][1]/C
                         clock pessimism             -0.250     1.742    
    SLICE_X58Y81         FDCE (Remov_fdce_C_CLR)     -0.067     1.675    u_soc/u_core/u_regfile/registers_reg[7][1]
  -------------------------------------------------------------------
                         required time                         -1.675    
                         arrival time                           2.336    
  -------------------------------------------------------------------
                         slack                                  0.661    





