Copyright 1986-2022 Xilinx, Inc. All Rights Reserved. Copyright 2022-2023 Advanced Micro Devices, Inc. All Rights Reserved.
---------------------------------------------------------------------------------------------------------------------------------------------
| Tool Version : Vivado v.2023.2 (win64) Build 4029153 Fri Oct 13 20:14:34 MDT 2023
| Date         : Fri Sep 25 18:02:52 2026
| Host         : KroixLaptop running 64-bit major release  (build 9200)
| Command      : report_timing_summary -file C:/Users/Symok/Documents/hardware-projects/rv32i_sv_core/reports/post_synth_timing.rpt
| Design       : arty_a7_100t_top
| Device       : 7a100t-csg324
| Speed File   : -1  PRODUCTION 1.23 2018-06-13
| Design State : Synthesized
---------------------------------------------------------------------------------------------------------------------------------------------

Timing Summary Report

------------------------------------------------------------------------------------------------
| Timer Settings
| --------------
------------------------------------------------------------------------------------------------

  Enable Multi Corner Analysis               :  Yes
  Enable Pessimism Removal                   :  Yes
  Pessimism Removal Resolution               :  Nearest Common Node
  Enable Input Delay Default Clock           :  No
  Enable Preset / Clear Arcs                 :  No
  Disable Flight Delays                      :  No
  Ignore I/O Paths                           :  No
  Timing Early Launch at Borrowing Latches   :  No
  Borrow Time for Max Delay Exceptions       :  Yes
  Merge Timing Exceptions                    :  Yes
  Inter-SLR Compensation                     :  Conservative

  Corner  Analyze    Analyze    
  Name    Max Paths  Min Paths  
  ------  ---------  ---------  
  Slow    Yes        Yes        
  Fast    Yes        Yes        


------------------------------------------------------------------------------------------------
| Report Methodology
| ------------------
------------------------------------------------------------------------------------------------

No report available as report_methodology has not been run prior. Run report_methodology on the current design for the summary of methodology violations.



check_timing report

Table of Contents
-----------------
1. checking no_clock (0)
2. checking constant_clock (0)
3. checking pulse_width_clock (0)
4. checking unconstrained_internal_endpoints (0)
5. checking no_input_delay (1)
6. checking no_output_delay (4)
7. checking multiple_clock (0)
8. checking generated_clocks (0)
9. checking loops (0)
10. checking partial_input_delay (0)
11. checking partial_output_delay (0)
12. checking latch_loops (0)

1. checking no_clock (0)
------------------------
 There are 0 register/latch pins with no clock.


2. checking constant_clock (0)
------------------------------
 There are 0 register/latch pins with constant_clock.


3. checking pulse_width_clock (0)
---------------------------------
 There are 0 register/latch pins which need pulse_width check


4. checking unconstrained_internal_endpoints (0)
------------------------------------------------
 There are 0 pins that are not constrained for maximum delay.

 There are 0 pins that are not constrained for maximum delay due to constant clock.


5. checking no_input_delay (1)
------------------------------
 There is 1 input port with no input delay specified. (HIGH)

 There are 0 input ports with no input delay but user has a false path constraint.


6. checking no_output_delay (4)
-------------------------------
 There are 4 ports with no output delay specified. (HIGH)

 There are 0 ports with no output delay but user has a false path constraint

 There are 0 ports with no output delay but with a timing clock defined on it or propagating through it


7. checking multiple_clock (0)
------------------------------
 There are 0 register/latch pins with multiple clocks.


8. checking generated_clocks (0)
--------------------------------
 There are 0 generated clocks that are not connected to a clock source.


9. checking loops (0)
---------------------
 There are 0 combinational loops in the design.


10. checking partial_input_delay (0)
------------------------------------
 There are 0 input ports with partial input delay specified.


11. checking partial_output_delay (0)
-------------------------------------
 There are 0 ports with partial output delay specified.


12. checking latch_loops (0)
----------------------------
 There are 0 combinational latch loops in the design through latch input



------------------------------------------------------------------------------------------------
| Design Timing Summary
| ---------------------
------------------------------------------------------------------------------------------------

    WNS(ns)      TNS(ns)  TNS Failing Endpoints  TNS Total Endpoints      WHS(ns)      THS(ns)  THS Failing Endpoints  THS Total Endpoints     WPWS(ns)     TPWS(ns)  TPWS Failing Endpoints  TPWS Total Endpoints  
    -------      -------  ---------------------  -------------------      -------      -------  ---------------------  -------------------     --------     --------  ----------------------  --------------------  
      2.503        0.000                      0                 4705        0.148        0.000                      0                 4705        4.500        0.000                       0                  1568  


All user specified timing constraints are met.


------------------------------------------------------------------------------------------------
| Clock Summary
| -------------
------------------------------------------------------------------------------------------------

Clock        Waveform(ns)       Period(ns)      Frequency(MHz)
-----        ------------       ----------      --------------
sys_clk_pin  {0.000 5.000}      10.000          100.000         


------------------------------------------------------------------------------------------------
| Intra Clock Table
| -----------------
------------------------------------------------------------------------------------------------

Clock             WNS(ns)      TNS(ns)  TNS Failing Endpoints  TNS Total Endpoints      WHS(ns)      THS(ns)  THS Failing Endpoints  THS Total Endpoints     WPWS(ns)     TPWS(ns)  TPWS Failing Endpoints  TPWS Total Endpoints  
-----             -------      -------  ---------------------  -------------------      -------      -------  ---------------------  -------------------     --------     --------  ----------------------  --------------------  
sys_clk_pin         2.503        0.000                      0                 3214        0.148        0.000                      0                 3214        4.500        0.000                       0                  1568  


------------------------------------------------------------------------------------------------
| Inter Clock Table
| -----------------
------------------------------------------------------------------------------------------------

From Clock    To Clock          WNS(ns)      TNS(ns)  TNS Failing Endpoints  TNS Total Endpoints      WHS(ns)      THS(ns)  THS Failing Endpoints  THS Total Endpoints  
----------    --------          -------      -------  ---------------------  -------------------      -------      -------  ---------------------  -------------------  


------------------------------------------------------------------------------------------------
| Other Path Groups Table
| -----------------------
------------------------------------------------------------------------------------------------

Path Group         From Clock         To Clock               WNS(ns)      TNS(ns)  TNS Failing Endpoints  TNS Total Endpoints      WHS(ns)      THS(ns)  THS Failing Endpoints  THS Total Endpoints  
----------         ----------         --------               -------      -------  ---------------------  -------------------      -------      -------  ---------------------  -------------------  
**async_default**  sys_clk_pin        sys_clk_pin              7.576        0.000                      0                 1491        0.642        0.000                      0                 1491  


------------------------------------------------------------------------------------------------
| Timing Details
| --------------
------------------------------------------------------------------------------------------------


---------------------------------------------------------------------------------------------------
From Clock:  sys_clk_pin
  To Clock:  sys_clk_pin

Setup :            0  Failing Endpoints,  Worst Slack        2.503ns,  Total Violation        0.000ns
Hold  :            0  Failing Endpoints,  Worst Slack        0.148ns,  Total Violation        0.000ns
PW    :            0  Failing Endpoints,  Worst Slack        4.500ns,  Total Violation        0.000ns
---------------------------------------------------------------------------------------------------


Max Delay Paths
--------------------------------------------------------------------------------------
Slack (MET) :             2.503ns  (required time - arrival time)
  Source:                 u_soc/u_core/id_q_reg[imm][2]/C
                            (rising edge-triggered cell FDCE clocked by sys_clk_pin  {rise@0.000ns fall@5.000ns period=10.000ns})
  Destination:            u_soc/u_core/ex_q_reg[addr][0]/CE
                            (rising edge-triggered cell FDCE clocked by sys_clk_pin  {rise@0.000ns fall@5.000ns period=10.000ns})
  Path Group:             sys_clk_pin
  Path Type:              Setup (Max at Slow Process Corner)
  Requirement:            10.000ns  (sys_clk_pin rise@10.000ns - sys_clk_pin rise@0.000ns)
  Data Path Delay:        7.115ns  (logic 2.264ns (31.820%)  route 4.851ns (68.180%))
  Logic Levels:           10  (CARRY4=4 LUT3=1 LUT6=5)
  Clock Path Skew:        -0.145ns (DCD - SCD + CPR)
    Destination Clock Delay (DCD):    2.704ns = ( 12.704 - 10.000 ) 
    Source Clock Delay      (SCD):    2.965ns
    Clock Pessimism Removal (CPR):    0.116ns
  Clock Uncertainty:      0.035ns  ((TSJ^2 + TIJ^2)^1/2 + DJ) / 2 + PE
    Total System Jitter     (TSJ):    0.071ns
    Total Input Jitter      (TIJ):    0.000ns
    Discrete Jitter          (DJ):    0.000ns
    Phase Error              (PE):    0.000ns

    Location             Delay type                Incr(ns)  Path(ns)    Netlist Resource(s)
  -------------------------------------------------------------------    -------------------
                         (clock sys_clk_pin rise edge)
                                                      0.000     0.000 r  
    E3                                                0.000     0.000 r  CLK100MHZ (IN)
                         net (fo=0)                   0.000     0.000    CLK100MHZ
    E3                   IBUF (Prop_ibuf_I_O)         1.482     1.482 r  CLK100MHZ_IBUF_inst/O
                         net (fo=1, unplaced)         0.803     2.285    CLK100MHZ_IBUF
                         BUFG (Prop_bufg_I_O)         0.096     2.381 r  CLK100MHZ_IBUF_BUFG_inst/O
                         net (fo=1567, unplaced)      0.584     2.965    u_soc/u_core/CLK100MHZ_IBUF_BUFG
                         FDCE                                         r  u_soc/u_core/id_q_reg[imm][2]/C
  -------------------------------------------------------------------    -------------------
                         FDCE (Prop_fdce_C_Q)         0.478     3.443 r  u_soc/u_core/id_q_reg[imm][2]/Q
                         net (fo=30, unplaced)        0.833     4.276    u_soc/u_core/u_alu/p_2_out_carry__5_1[2]
                         LUT3 (Prop_lut3_I0_O)        0.295     4.571 r  u_soc/u_core/u_alu/ex_q[addr][2]_i_2/O
                         net (fo=91, unplaced)        0.829     5.400    u_soc/u_core/u_alu/id_q_reg[imm][4][1]
                         LUT6 (Prop_lut6_I0_O)        0.124     5.524 r  u_soc/u_core/u_alu/i__carry_i_3__0/O
                         net (fo=2, unplaced)         0.480     6.004    u_soc/u_core/u_alu/i__carry_i_3__0_n_0
                         CARRY4 (Prop_carry4_DI[1]_CO[3])
                                                      0.520     6.524 r  u_soc/u_core/u_alu/result_o0_inferred__0/i__carry/CO[3]
                         net (fo=1, unplaced)         0.000     6.524    u_soc/u_core/u_alu/result_o0_inferred__0/i__carry_n_0
                         CARRY4 (Prop_carry4_CI_CO[3])
                                                      0.117     6.641 r  u_soc/u_core/u_alu/result_o0_inferred__0/i__carry__0/CO[3]
                         net (fo=1, unplaced)         0.000     6.641    u_soc/u_core/u_alu/result_o0_inferred__0/i__carry__0_n_0
                         CARRY4 (Prop_carry4_CI_CO[3])
                                                      0.117     6.758 r  u_soc/u_core/u_alu/result_o0_inferred__0/i__carry__1/CO[3]
                         net (fo=1, unplaced)         0.000     6.758    u_soc/u_core/u_alu/result_o0_inferred__0/i__carry__1_n_0
                         CARRY4 (Prop_carry4_CI_CO[3])
                                                      0.117     6.875 f  u_soc/u_core/u_alu/result_o0_inferred__0/i__carry__2/CO[3]
                         net (fo=1, unplaced)         0.748     7.623    u_soc/u_core/u_alu/data2
                         LUT6 (Prop_lut6_I4_O)        0.124     7.747 f  u_soc/u_core/u_alu/ex_q[addr][0]_i_7/O
                         net (fo=2, unplaced)         0.460     8.207    u_soc/u_core/u_alu/ex_q[addr][0]_i_7_n_0
                         LUT6 (Prop_lut6_I5_O)        0.124     8.331 r  u_soc/u_core/u_alu/ex_q[addr][0]_i_2/O
                         net (fo=8, unplaced)         0.457     8.788    u_soc/u_core/u_alu/ex_q[addr][0]_i_2_n_0
                         LUT6 (Prop_lut6_I2_O)        0.124     8.912 f  u_soc/u_core/u_alu/ex_q[instruction][6]_i_4/O
                         net (fo=3, unplaced)         0.467     9.379    u_soc/u_core/u_alu/ex_q[instruction][6]_i_4_n_0
                         LUT6 (Prop_lut6_I5_O)        0.124     9.503 r  u_soc/u_core/u_alu/ex_q[instruction][6]_i_1/O
                         net (fo=118, unplaced)       0.577    10.080    u_soc/u_core/u_alu_n_0
                         FDCE                                         r  u_soc/u_core/ex_q_reg[addr][0]/CE
  -------------------------------------------------------------------    -------------------

                         (clock sys_clk_pin rise edge)
                                                     10.000    10.000 r  
    E3                                                0.000    10.000 r  CLK100MHZ (IN)
                         net (fo=0)                   0.000    10.000    CLK100MHZ
    E3                   IBUF (Prop_ibuf_I_O)         1.411    11.411 r  CLK100MHZ_IBUF_inst/O
                         net (fo=1, unplaced)         0.763    12.174    CLK100MHZ_IBUF
                         BUFG (Prop_bufg_I_O)         0.091    12.265 r  CLK100MHZ_IBUF_BUFG_inst/O
                         net (fo=1567, unplaced)      0.439    12.704    u_soc/u_core/CLK100MHZ_IBUF_BUFG
                         FDCE                                         r  u_soc/u_core/ex_q_reg[addr][0]/C
                         clock pessimism              0.116    12.820    
                         clock uncertainty           -0.035    12.784    
                         FDCE (Setup_fdce_C_CE)      -0.202    12.582    u_soc/u_core/ex_q_reg[addr][0]
  -------------------------------------------------------------------
                         required time                         12.582    
                         arrival time                         -10.080    
  -------------------------------------------------------------------
                         slack                                  2.503    





Min Delay Paths
--------------------------------------------------------------------------------------
Slack (MET) :             0.148ns  (arrival time - required time)
  Source:                 u_soc/dmem_ready_reg/C
                            (rising edge-triggered cell FDCE clocked by sys_clk_pin  {rise@0.000ns fall@5.000ns period=10.000ns})
  Destination:            u_soc/u_core/wb_valid_q_reg/D
                            (rising edge-triggered cell FDCE clocked by sys_clk_pin  {rise@0.000ns fall@5.000ns period=10.000ns})
  Path Group:             sys_clk_pin
  Path Type:              Hold (Min at Fast Process Corner)
  Requirement:            0.000ns  (sys_clk_pin rise@0.000ns - sys_clk_pin rise@0.000ns)
  Data Path Delay:        0.392ns  (logic 0.245ns (62.482%)  route 0.147ns (37.518%))
  Logic Levels:           1  (LUT6=1)
  Clock Path Skew:        0.145ns (DCD - SCD - CPR)
    Destination Clock Delay (DCD):    1.082ns
    Source Clock Delay      (SCD):    0.728ns
    Clock Pessimism Removal (CPR):    0.209ns

    Location             Delay type                Incr(ns)  Path(ns)    Netlist Resource(s)
  -------------------------------------------------------------------    -------------------
                         (clock sys_clk_pin rise edge)
                                                      0.000     0.000 r  
    E3                                                0.000     0.000 r  CLK100MHZ (IN)
                         net (fo=0)                   0.000     0.000    CLK100MHZ
    E3                   IBUF (Prop_ibuf_I_O)         0.250     0.250 r  CLK100MHZ_IBUF_inst/O
                         net (fo=1, unplaced)         0.338     0.588    CLK100MHZ_IBUF
                         BUFG (Prop_bufg_I_O)         0.026     0.614 r  CLK100MHZ_IBUF_BUFG_inst/O
                         net (fo=1567, unplaced)      0.114     0.728    u_soc/CLK100MHZ_IBUF_BUFG
                         FDCE                                         r  u_soc/dmem_ready_reg/C
  -------------------------------------------------------------------    -------------------
                         FDCE (Prop_fdce_C_Q)         0.147     0.875 r  u_soc/dmem_ready_reg/Q
                         net (fo=8, unplaced)         0.147     1.022    u_soc/u_core/dmem_ready
                         LUT6 (Prop_lut6_I5_O)        0.098     1.120 r  u_soc/u_core/wb_valid_q_i_1/O
                         net (fo=46, unplaced)        0.000     1.120    u_soc/u_core/wb_q
                         FDCE                                         r  u_soc/u_core/wb_valid_q_reg/D
  -------------------------------------------------------------------    -------------------

                         (clock sys_clk_pin rise edge)
                                                      0.000     0.000 r  
    E3                                                0.000     0.000 r  CLK100MHZ (IN)
                         net (fo=0)                   0.000     0.000    CLK100MHZ
    E3                   IBUF (Prop_ibuf_I_O)         0.438     0.438 r  CLK100MHZ_IBUF_inst/O
                         net (fo=1, unplaced)         0.356     0.794    CLK100MHZ_IBUF
                         BUFG (Prop_bufg_I_O)         0.029     0.823 r  CLK100MHZ_IBUF_BUFG_inst/O
                         net (fo=1567, unplaced)      0.259     1.082    u_soc/u_core/CLK100MHZ_IBUF_BUFG
                         FDCE                                         r  u_soc/u_core/wb_valid_q_reg/C
                         clock pessimism             -0.209     0.873    
                         FDCE (Hold_fdce_C_D)         0.099     0.972    u_soc/u_core/wb_valid_q_reg
  -------------------------------------------------------------------
                         required time                         -0.972    
                         arrival time                           1.120    
  -------------------------------------------------------------------
                         slack                                  0.148    





Pulse Width Checks
--------------------------------------------------------------------------------------
Clock Name:         sys_clk_pin
Waveform(ns):       { 0.000 5.000 }
Period(ns):         10.000
Sources:            { CLK100MHZ }

Check Type        Corner  Lib Pin             Reference Pin  Required(ns)  Actual(ns)  Slack(ns)  Location  Pin
Min Period        n/a     RAMB36E1/CLKARDCLK  n/a            2.944         10.000      7.056                u_soc/memory_reg_0/CLKARDCLK
Low Pulse Width   Slow    FDCE/C              n/a            0.500         5.000       4.500                heartbeat_q_reg[0]/C
High Pulse Width  Slow    FDCE/C              n/a            0.500         5.000       4.500                heartbeat_q_reg[0]/C



---------------------------------------------------------------------------------------------------
Path Group:  **async_default**
From Clock:  sys_clk_pin
  To Clock:  sys_clk_pin

Setup :            0  Failing Endpoints,  Worst Slack        7.576ns,  Total Violation        0.000ns
Hold  :            0  Failing Endpoints,  Worst Slack        0.642ns,  Total Violation        0.000ns
---------------------------------------------------------------------------------------------------


Max Delay Paths
--------------------------------------------------------------------------------------
Slack (MET) :             7.576ns  (required time - arrival time)
  Source:                 reset_sync_q_reg[1]/C
                            (rising edge-triggered cell FDCE clocked by sys_clk_pin  {rise@0.000ns fall@5.000ns period=10.000ns})
  Destination:            u_soc/u_core/if_instruction_q_reg[0]/PRE
                            (recovery check against rising-edge clock sys_clk_pin  {rise@0.000ns fall@5.000ns period=10.000ns})
  Path Group:             **async_default**
  Path Type:              Recovery (Max at Slow Process Corner)
  Requirement:            10.000ns  (sys_clk_pin rise@10.000ns - sys_clk_pin rise@0.000ns)
  Data Path Delay:        1.850ns  (logic 0.773ns (41.784%)  route 1.077ns (58.216%))
  Logic Levels:           1  (LUT1=1)
  Clock Path Skew:        -0.145ns (DCD - SCD + CPR)
    Destination Clock Delay (DCD):    2.704ns = ( 12.704 - 10.000 ) 
    Source Clock Delay      (SCD):    2.965ns
    Clock Pessimism Removal (CPR):    0.116ns
  Clock Uncertainty:      0.035ns  ((TSJ^2 + TIJ^2)^1/2 + DJ) / 2 + PE
    Total System Jitter     (TSJ):    0.071ns
    Total Input Jitter      (TIJ):    0.000ns
    Discrete Jitter          (DJ):    0.000ns
    Phase Error              (PE):    0.000ns

    Location             Delay type                Incr(ns)  Path(ns)    Netlist Resource(s)
  -------------------------------------------------------------------    -------------------
                         (clock sys_clk_pin rise edge)
                                                      0.000     0.000 r  
    E3                                                0.000     0.000 r  CLK100MHZ (IN)
                         net (fo=0)                   0.000     0.000    CLK100MHZ
    E3                   IBUF (Prop_ibuf_I_O)         1.482     1.482 r  CLK100MHZ_IBUF_inst/O
                         net (fo=1, unplaced)         0.803     2.285    CLK100MHZ_IBUF
                         BUFG (Prop_bufg_I_O)         0.096     2.381 r  CLK100MHZ_IBUF_BUFG_inst/O
                         net (fo=1567, unplaced)      0.584     2.965    CLK100MHZ_IBUF_BUFG
                         FDCE                                         r  reset_sync_q_reg[1]/C
  -------------------------------------------------------------------    -------------------
                         FDCE (Prop_fdce_C_Q)         0.478     3.443 r  reset_sync_q_reg[1]/Q
                         net (fo=3, unplaced)         0.329     3.772    u_soc/u_core/u_regfile/registers_reg[31][0]_0[0]
                         LUT1 (Prop_lut1_I0_O)        0.295     4.067 f  u_soc/u_core/u_regfile/registers[1][31]_i_2/O
                         net (fo=1491, unplaced)      0.748     4.815    u_soc/u_core/reset_sync_q_reg[1]
                         FDPE                                         f  u_soc/u_core/if_instruction_q_reg[0]/PRE
  -------------------------------------------------------------------    -------------------

                         (clock sys_clk_pin rise edge)
                                                     10.000    10.000 r  
    E3                                                0.000    10.000 r  CLK100MHZ (IN)
                         net (fo=0)                   0.000    10.000    CLK100MHZ
    E3                   IBUF (Prop_ibuf_I_O)         1.411    11.411 r  CLK100MHZ_IBUF_inst/O
                         net (fo=1, unplaced)         0.763    12.174    CLK100MHZ_IBUF
                         BUFG (Prop_bufg_I_O)         0.091    12.265 r  CLK100MHZ_IBUF_BUFG_inst/O
                         net (fo=1567, unplaced)      0.439    12.704    u_soc/u_core/CLK100MHZ_IBUF_BUFG
                         FDPE                                         r  u_soc/u_core/if_instruction_q_reg[0]/C
                         clock pessimism              0.116    12.820    
                         clock uncertainty           -0.035    12.784    
                         FDPE (Recov_fdpe_C_PRE)     -0.394    12.390    u_soc/u_core/if_instruction_q_reg[0]
  -------------------------------------------------------------------
                         required time                         12.390    
                         arrival time                          -4.815    
  -------------------------------------------------------------------
                         slack                                  7.576    





Min Delay Paths
--------------------------------------------------------------------------------------
Slack (MET) :             0.642ns  (arrival time - required time)
  Source:                 reset_sync_q_reg[1]/C
                            (rising edge-triggered cell FDCE clocked by sys_clk_pin  {rise@0.000ns fall@5.000ns period=10.000ns})
  Destination:            heartbeat_q_reg[0]/CLR
                            (removal check against rising-edge clock sys_clk_pin  {rise@0.000ns fall@5.000ns period=10.000ns})
  Path Group:             **async_default**
  Path Type:              Removal (Min at Fast Process Corner)
  Requirement:            0.000ns  (sys_clk_pin rise@0.000ns - sys_clk_pin rise@0.000ns)
  Data Path Delay:        0.699ns  (logic 0.245ns (35.051%)  route 0.454ns (64.949%))
  Logic Levels:           1  (LUT1=1)
  Clock Path Skew:        0.145ns (DCD - SCD - CPR)
    Destination Clock Delay (DCD):    1.082ns
    Source Clock Delay      (SCD):    0.728ns
    Clock Pessimism Removal (CPR):    0.209ns

    Location             Delay type                Incr(ns)  Path(ns)    Netlist Resource(s)
  -------------------------------------------------------------------    -------------------
                         (clock sys_clk_pin rise edge)
                                                      0.000     0.000 r  
    E3                                                0.000     0.000 r  CLK100MHZ (IN)
                         net (fo=0)                   0.000     0.000    CLK100MHZ
    E3                   IBUF (Prop_ibuf_I_O)         0.250     0.250 r  CLK100MHZ_IBUF_inst/O
                         net (fo=1, unplaced)         0.338     0.588    CLK100MHZ_IBUF
                         BUFG (Prop_bufg_I_O)         0.026     0.614 r  CLK100MHZ_IBUF_BUFG_inst/O
                         net (fo=1567, unplaced)      0.114     0.728    CLK100MHZ_IBUF_BUFG
                         FDCE                                         r  reset_sync_q_reg[1]/C
  -------------------------------------------------------------------    -------------------
                         FDCE (Prop_fdce_C_Q)         0.147     0.875 r  reset_sync_q_reg[1]/Q
                         net (fo=3, unplaced)         0.139     1.014    u_soc/u_core/u_regfile/registers_reg[31][0]_0[0]
                         LUT1 (Prop_lut1_I0_O)        0.098     1.112 f  u_soc/u_core/u_regfile/registers[1][31]_i_2/O
                         net (fo=1491, unplaced)      0.315     1.427    u_soc_n_0
                         FDCE                                         f  heartbeat_q_reg[0]/CLR
  -------------------------------------------------------------------    -------------------

                         (clock sys_clk_pin rise edge)
                                                      0.000     0.000 r  
    E3                                                0.000     0.000 r  CLK100MHZ (IN)
                         net (fo=0)                   0.000     0.000    CLK100MHZ
    E3                   IBUF (Prop_ibuf_I_O)         0.438     0.438 r  CLK100MHZ_IBUF_inst/O
                         net (fo=1, unplaced)         0.356     0.794    CLK100MHZ_IBUF
                         BUFG (Prop_bufg_I_O)         0.029     0.823 r  CLK100MHZ_IBUF_BUFG_inst/O
                         net (fo=1567, unplaced)      0.259     1.082    CLK100MHZ_IBUF_BUFG
                         FDCE                                         r  heartbeat_q_reg[0]/C
                         clock pessimism             -0.209     0.873    
                         FDCE (Remov_fdce_C_CLR)     -0.088     0.785    heartbeat_q_reg[0]
  -------------------------------------------------------------------
                         required time                         -0.785    
                         arrival time                           1.427    
  -------------------------------------------------------------------
                         slack                                  0.642    





